// Jest Snapshot v1, https://goo.gl/fbAQLP

exports[`AgeBadge renders correctly react-test-renderer 1`] = `
<View
  accessible={true}
  style={
    Array [
      Object {
        "alignItems": "center",
        "backgroundColor": "#5e5d5d",
        "borderRadius": 32,
        "height": 64,
        "justifyContent": "center",
        "width": 64,
      },
      undefined,
    ]
  }
>
  <Text
    accessibilityLabel="AGE"
    style={
      Array [
        Object {
          "color": "#FFFFFF",
          "fontWeight": "600",
        },
        Object {
          "fontSize": 26,
        },
      ]
    }
  >
    16+
  </Text>
</View>
`;
